
> jivvy-clean@0.1.0 build
> next build

Γû▓ Next.js 16.1.1 (Turbopack)
- Environments: .env.local
- Experiments (use with caution):
  ┬╖ serverActions

  Creating an optimized production build ...
node.exe : 
At line:1 char:1
+ & "C:\nvm4w\nodejs/
node.exe" "C:\nvm4w\n
odejs/node_modules/np
m/bin/np ...
+ ~~~~~~~~~~~~~~~~~~~
~~~~~~~~~~~~~~~~~~~~~
~~~~~~~~~~~~~~~~~~~~~
~~~~~~~~
    + CategoryInfo   
           : NotSpe  
  cified: (:String   
 ) [], RemoteExce    
ption
    + FullyQualified 
   ErrorId : Native  
  CommandError
 
> Build error 
occurred
Error: Turbopack 
build failed with 19 
errors:
./lib/sync/snapshot.t
s:1:1
Module not found: 
Can't resolve '../db'
[0m[31m[1m>[22m[
39m[90m 1 |[39m 
[36mimport[39m { 
db[33m,[39m type [
33mBlock[39m[33m,[
39m type [33mProject
[39m[33m,[39m 
type [33mCitation[3
9m[33m,[39m type 
[33mFlashcard[39m 
} [36mfrom[39m [32
m'../db'[39m[33m;[
39m
 [90m   |[39m [31m
[1m^[22m[39m[31m
[1m^[22m[39m[31m[
1m^[22m[39m[31m[1
m^[22m[39m[31m[1m
^[22m[39m[31m[1m^
[22m[39m[31m[1m^
[22m[39m[31m[1m^[
22m[39m[31m[1m^[2
2m[39m[31m[1m^[22
m[39m[31m[1m^[22m
[39m[31m[1m^[22m
[39m[31m[1m^[22m[
39m[31m[1m^[22m[3
9m[31m[1m^[22m[39
m[31m[1m^[22m[39m
[31m[1m^[22m[39m
[31m[1m^[22m[39m[
31m[1m^[22m[39m[3
1m[1m^[22m[39m[31
m[1m^[22m[39m[31m
[1m^[22m[39m[31m
[1m^[22m[39m[31m[
1m^[22m[39m[31m[1
m^[22m[39m[31m[1m
^[22m[39m[31m[1m^
[22m[39m[31m[1m^
[22m[39m[31m[1m^[
22m[39m[31m[1m^[2
2m[39m[31m[1m^[22
m[39m[31m[1m^[22m
[39m[31m[1m^[22m
[39m[31m[1m^[22m[
39m[31m[1m^[22m[3
9m[31m[1m^[22m[39
m[31m[1m^[22m[39m
[31m[1m^[22m[39m
[31m[1m^[22m[39m[
31m[1m^[22m[39m[3
1m[1m^[22m[39m[31
m[1m^[22m[39m[31m
[1m^[22m[39m[31m
[1m^[22m[39m[31m[
1m^[22m[39m[31m[1
m^[22m[39m[31m[1m
^[22m[39m[31m[1m^
[22m[39m[31m[1m^
[22m[39m[31m[1m^[
22m[39m[31m[1m^[2
2m[39m[31m[1m^[22
m[39m[31m[1m^[22m
[39m[31m[1m^[22m
[39m[31m[1m^[22m[
39m[31m[1m^[22m[3
9m[31m[1m^[22m[39
m[31m[1m^[22m[39m
[31m[1m^[22m[39m
[31m[1m^[22m[39m[
31m[1m^[22m[39m[3
1m[1m^[22m[39m[31
m[1m^[22m[39m[31m
[1m^[22m[39m[31m
[1m^[22m[39m[31m[
1m^[22m[39m[31m[1
m^[22m[39m[31m[1m
^[22m[39m[31m[1m^
[22m[39m[31m[1m^
[22m[39m[31m[1m^[
22m[39m[31m[1m^[2
2m[39m[31m[1m^[22
m[39m[31m[1m^[22m
[39m[31m[1m^[22m
[39m[31m[1m^[22m[
39m[31m[1m^[22m[3
9m[31m[1m^[22m[39
m[31m[1m^[22m[39m
[31m[1m^[22m[39m
[31m[1m^[22m[39m[
31m[1m^[22m[39m[3
1m[1m^[22m[39m[31
m[1m^[22m[39m
 [90m 2 |[39m
 [90m 3 |[39m 
[36mexport[39m 
[36minterface[39m 
[33mSnapshot[39m {
 [90m 4 |[39m     
timestamp[33m:[39m 
number[33m;[39m[0m



Import traces:
  Client Component 
Browser:
    ./lib/sync/snapsh
ot.ts [Client 
Component Browser]
    ./lib/hooks/useDr
iveSync.ts [Client 
Component Browser]
    ./components/prov
iders/SyncProvider.ts
x [Client Component 
Browser]
    ./components/prov
iders/SyncProvider.ts
x [Server Component]
    ./app/layout.tsx 
[Server Component]

  Client Component 
SSR:
    ./lib/sync/snapsh
ot.ts [Client 
Component SSR]
    ./lib/hooks/useDr
iveSync.ts [Client 
Component SSR]
    ./components/prov
iders/SyncProvider.ts
x [Client Component 
SSR]
    ./components/prov
iders/SyncProvider.ts
x [Server Component]
    ./app/layout.tsx 
[Server Component]

https://nextjs.org/do
cs/messages/module-no
t-found


./lib/store.ts:2:1
Module not found: 
Can't resolve './db'
[0m [90m 1 |[39m 
[36mimport[39m { 
create } 
[36mfrom[39m [32m'
zustand'[39m[33m;[
39m
[31m[1m>[22m[39m
[90m 2 |[39m 
[36mimport[39m { 
db[33m,[39m type [
33mBlock[39m[33m,[
39m type 
[33mProject[39m } 
[36mfrom[39m [32m'
./db'[39m[33m;[39m
 [90m   |[39m [31m
[1m^[22m[39m[31m
[1m^[22m[39m[31m[
1m^[22m[39m[31m[1
m^[22m[39m[31m[1m
^[22m[39m[31m[1m^
[22m[39m[31m[1m^
[22m[39m[31m[1m^[
22m[39m[31m[1m^[2
2m[39m[31m[1m^[22
m[39m[31m[1m^[22m
[39m[31m[1m^[22m
[39m[31m[1m^[22m[
39m[31m[1m^[22m[3
9m[31m[1m^[22m[39
m[31m[1m^[22m[39m
[31m[1m^[22m[39m
[31m[1m^[22m[39m[
31m[1m^[22m[39m[3
1m[1m^[22m[39m[31
m[1m^[22m[39m[31m
[1m^[22m[39m[31m
[1m^[22m[39m[31m[
1m^[22m[39m[31m[1
m^[22m[39m[31m[1m
^[22m[39m[31m[1m^
[22m[39m[31m[1m^
[22m[39m[31m[1m^[
22m[39m[31m[1m^[2
2m[39m[31m[1m^[22
m[39m[31m[1m^[22m
[39m[31m[1m^[22m
[39m[31m[1m^[22m[
39m[31m[1m^[22m[3
9m[31m[1m^[22m[39
m[31m[1m^[22m[39m
[31m[1m^[22m[39m
[31m[1m^[22m[39m[
31m[1m^[22m[39m[3
1m[1m^[22m[39m[31
m[1m^[22m[39m[31m
[1m^[22m[39m[31m
[1m^[22m[39m[31m[
1m^[22m[39m[31m[1
m^[22m[39m[31m[1m
^[22m[39m[31m[1m^
[22m[39m[31m[1m^
[22m[39m[31m[1m^[
22m[39m[31m[1m^[2
2m[39m[31m[1m^[22
m[39m
 [90m 3 |[39m 
[36mimport[39m { 
type [33mSuggestedFl
ashcard[39m } 
[36mfrom[39m [32m'
./pattern-engine'[39
m[33m;[39m
 [90m 4 |[39m 
[36mimport[39m { 
v4 [36mas[39m 
uuidv4 } 
[36mfrom[39m [32m'
uuid'[39m[33m;[39m
 [90m 5 |[39m[0m



Import traces:
  Client Component 
Browser:
    ./lib/store.ts 
[Client Component 
Browser]
    ./components/dash
board/TaskDashboard.t
sx [Client Component 
Browser]
    ./components/dash
board/TaskDashboard.t
sx [Server Component]
    ./app/upcoming/pa
ge.tsx [Server 
Component]

  Client Component 
SSR:
    ./lib/store.ts 
[Client Component 
SSR]
    ./components/dash
board/TaskDashboard.t
sx [Client Component 
SSR]
    
./app/inbox/page.tsx 
[Client Component 
SSR]
    
./app/inbox/page.tsx 
[Server Component]

https://nextjs.org/do
cs/messages/module-no
t-found


./app/inbox/page.tsx:
5:1
Module not found: 
Can't resolve 
'@/lib/db'
[0m [90m 3 |[39m 
[36mimport[39m { [
33mTaskDashboard[39m
 } [36mfrom[39m [3
2m'@/components/dashb
oard/TaskDashboard'[
39m[33m;[39m
 [90m 4 |[39m 
[36mimport[39m { 
useEffect } 
[36mfrom[39m [32m'
react'[39m[33m;[39
m
[31m[1m>[22m[39m
[90m 5 |[39m 
[36mimport[39m { 
db } [36mfrom[39m 
[32m'@/lib/db'[39m[
33m;[39m
 [90m   |[39m [31m
[1m^[22m[39m[31m
[1m^[22m[39m[31m[
1m^[22m[39m[31m[1
m^[22m[39m[31m[1m
^[22m[39m[31m[1m^
[22m[39m[31m[1m^
[22m[39m[31m[1m^[
22m[39m[31m[1m^[2
2m[39m[31m[1m^[22
m[39m[31m[1m^[22m
[39m[31m[1m^[22m
[39m[31m[1m^[22m[
39m[31m[1m^[22m[3
9m[31m[1m^[22m[39
m[31m[1m^[22m[39m
[31m[1m^[22m[39m
[31m[1m^[22m[39m[
31m[1m^[22m[39m[3
1m[1m^[22m[39m[31
m[1m^[22m[39m[31m
[1m^[22m[39m[31m
[1m^[22m[39m[31m[
1m^[22m[39m[31m[1
m^[22m[39m[31m[1m
^[22m[39m[31m[1m^
[22m[39m[31m[1m^
[22m[39m[31m[1m^[
22m[39m[31m[1m^[2
2m[39m
 [90m 6 |[39m
 [90m 7 |[39m 
[36mexport[39m 
[36mdefault[39m 
[36mfunction[39m [
33mInboxPage[39m() {
 [90m 8 |[39m     
[36mconst[39m 
inboxId [33m=[39m 
[32m"inbox"[39m[33m
;[39m[0m

Import map: aliased 
to relative 
'./lib/db' inside of 
[project]/


Import traces:
  Client Component 
Browser:
    
./app/inbox/page.tsx 
[Client Component 
Browser]
    
./app/inbox/page.tsx 
[Server Component]

  Client Component 
SSR:
    
./app/inbox/page.tsx 
[Client Component 
SSR]
    
./app/inbox/page.tsx 
[Server Component]

https://nextjs.org/do
cs/messages/module-no
t-found


./app/project/[id]/pa
ge.tsx:8:1
Module not found: 
Can't resolve 
'@/lib/db'
[0m [90m  6 |[39m 
[36mimport[39m { 
useParams } 
[36mfrom[39m [32m'
next/navigation'[39m
[33m;[39m
 [90m  7 |[39m
[31m[1m>[22m[39m
[90m  8 |[39m 
[36mimport[39m { 
db } [36mfrom[39m 
[32m'@/lib/db'[39m[
33m;[39m
 [90m    |[39m [31
m[1m^[22m[39m[31m
[1m^[22m[39m[31m
[1m^[22m[39m[31m[
1m^[22m[39m[31m[1
m^[22m[39m[31m[1m
^[22m[39m[31m[1m^
[22m[39m[31m[1m^
[22m[39m[31m[1m^[
22m[39m[31m[1m^[2
2m[39m[31m[1m^[22
m[39m[31m[1m^[22m
[39m[31m[1m^[22m
[39m[31m[1m^[22m[
39m[31m[1m^[22m[3
9m[31m[1m^[22m[39
m[31m[1m^[22m[39m
[31m[1m^[22m[39m
[31m[1m^[22m[39m[
31m[1m^[22m[39m[3
1m[1m^[22m[39m[31
m[1m^[22m[39m[31m
[1m^[22m[39m[31m
[1m^[22m[39m[31m[
1m^[22m[39m[31m[1
m^[22m[39m[31m[1m
^[22m[39m[31m[1m^
[22m[39m[31m[1m^
[22m[39m[31m[1m^[
22m[39m
 [90m  9 |[39m 
[36mimport[39m { 
useLiveQuery } 
[36mfrom[39m [32m'
dexie-react-hooks'[3
9m[33m;[39m
 [90m 10 |[39m
 [90m 11 |[39m 
[36mexport[39m 
[36mdefault[39m 
[36mfunction[39m [
33mProjectPage[39m()
 {[0m

Import map: aliased 
to relative 
'./lib/db' inside of 
[project]/


Import traces:
  Client Component 
Browser:
    ./app/project/[id
]/page.tsx [Client 
Component Browser]
    ./app/project/[id
]/page.tsx [Server 
Component]

  Client Component 
SSR:
    ./app/project/[id
]/page.tsx [Client 
Component SSR]
    ./app/project/[id
]/page.tsx [Server 
Component]

https://nextjs.org/do
cs/messages/module-no
t-found


./components/dashboar
d/PaperView.tsx:4:1
Module not found: 
Can't resolve 
'@/lib/db'
[0m [90m 2 |[39m
 [90m 3 |[39m 
[36mimport[39m [33
mReact[39m[33m,[39
m { 
useState[33m,[39m 
useMemo } 
[36mfrom[39m [32m'
react'[39m[33m;[39
m
[31m[1m>[22m[39m
[90m 4 |[39m 
[36mimport[39m { [
33mBlock[39m[33m,[
39m db } 
[36mfrom[39m [32m'
@/lib/db'[39m[33m;
[39m
 [90m   |[39m [31m
[1m^[22m[39m[31m
[1m^[22m[39m[31m[
1m^[22m[39m[31m[1
m^[22m[39m[31m[1m
^[22m[39m[31m[1m^
[22m[39m[31m[1m^
[22m[39m[31m[1m^[
22m[39m[31m[1m^[2
2m[39m[31m[1m^[22
m[39m[31m[1m^[22m
[39m[31m[1m^[22m
[39m[31m[1m^[22m[
39m[31m[1m^[22m[3
9m[31m[1m^[22m[39
m[31m[1m^[22m[39m
[31m[1m^[22m[39m
[31m[1m^[22m[39m[
31m[1m^[22m[39m[3
1m[1m^[22m[39m[31
m[1m^[22m[39m[31m
[1m^[22m[39m[31m
[1m^[22m[39m[31m[
1m^[22m[39m[31m[1
m^[22m[39m[31m[1m
^[22m[39m[31m[1m^
[22m[39m[31m[1m^
[22m[39m[31m[1m^[
22m[39m[31m[1m^[2
2m[39m[31m[1m^[22
m[39m[31m[1m^[22m
[39m[31m[1m^[22m
[39m[31m[1m^[22m[
39m[31m[1m^[22m[3
9m[31m[1m^[22m[39
m[31m[1m^[22m[39m
 [90m 5 |[39m 
[36mimport[39m { 
useStore } 
[36mfrom[39m [32m'
@/lib/store'[39m[33
m;[39m
 [90m 6 |[39m 
[36mimport[39m { 
v4 [36mas[39m 
uuidv4 } 
[36mfrom[39m [32m'
uuid'[39m[33m;[39m
 [90m 7 |[39m 
[36mimport[39m { 
[33mTaskItem[39m } 
[36mfrom[39m [32m'
./TaskItem'[39m[33m
;[39m[0m

Import map: aliased 
to relative 
'./lib/db' inside of 
[project]/


Import traces:
  Client Component 
Browser:
    ./components/dash
board/PaperView.tsx 
[Client Component 
Browser]
    ./components/dash
board/TaskDashboard.t
sx [Client Component 
Browser]
    ./components/dash
board/TaskDashboard.t
sx [Server Component]
    
./app/today/page.tsx 
[Server Component]

  Client Component 
SSR:
    ./components/dash
board/PaperView.tsx 
[Client Component 
SSR]
    ./components/dash
board/TaskDashboard.t
sx [Client Component 
SSR]
    ./components/dash
board/TaskDashboard.t
sx [Server Component]
    
./app/today/page.tsx 
[Server Component]

https://nextjs.org/do
cs/messages/module-no
t-found


./components/dashboar
d/TaskDashboard.tsx:5
:1
Module not found: 
Can't resolve 
'@/lib/db'
[0m [90m 3 |[39m 
[36mimport[39m 
[33mReact[39m 
[36mfrom[39m [32m'
react'[39m[33m;[39
m
 [90m 4 |[39m 
[36mimport[39m { 
useLiveQuery } 
[36mfrom[39m [32m'
dexie-react-hooks'[3
9m[33m;[39m
[31m[1m>[22m[39m
[90m 5 |[39m 
[36mimport[39m { 
db[33m,[39m 
[33mBlock[39m } 
[36mfrom[39m [32m'
@/lib/db'[39m[33m;
[39m
 [90m   |[39m [31m
[1m^[22m[39m[31m
[1m^[22m[39m[31m[
1m^[22m[39m[31m[1
m^[22m[39m[31m[1m
^[22m[39m[31m[1m^
[22m[39m[31m[1m^
[22m[39m[31m[1m^[
22m[39m[31m[1m^[2
2m[39m[31m[1m^[22
m[39m[31m[1m^[22m
[39m[31m[1m^[22m
[39m[31m[1m^[22m[
39m[31m[1m^[22m[3
9m[31m[1m^[22m[39
m[31m[1m^[22m[39m
[31m[1m^[22m[39m
[31m[1m^[22m[39m[
31m[1m^[22m[39m[3
1m[1m^[22m[39m[31
m[1m^[22m[39m[31m
[1m^[22m[39m[31m
[1m^[22m[39m[31m[
1m^[22m[39m[31m[1
m^[22m[39m[31m[1m
^[22m[39m[31m[1m^
[22m[39m[31m[1m^
[22m[39m[31m[1m^[
22m[39m[31m[1m^[2
2m[39m[31m[1m^[22
m[39m[31m[1m^[22m
[39m[31m[1m^[22m
[39m[31m[1m^[22m[
39m[31m[1m^[22m[3
9m[31m[1m^[22m[39
m[31m[1m^[22m[39m
 [90m 6 |[39m 
[36mimport[39m { st
artOfDay[33m,[39m 
isToday } 
[36mfrom[39m [32m'
date-fns'[39m[33m;
[39m
 [90m 7 |[39m 
[36mimport[39m { 
useStore } 
[36mfrom[39m [32m'
@/lib/store'[39m[33
m;[39m
 [90m 8 |[39m 
[36mimport[39m { [
33mDisplayMenu[39m 
} [36mfrom[39m [32
m'./DisplayMenu'[39m
[33m;[39m[0m

Import map: aliased 
to relative 
'./lib/db' inside of 
[project]/


Import trace:
  Server Component:
    ./components/dash
board/TaskDashboard.t
sx
    
./app/today/page.tsx

https://nextjs.org/do
cs/messages/module-no
t-found


./components/dashboar
d/TaskItem.tsx:2:1
Module not found: 
Can't resolve 
'@/lib/db'
[0m [90m 1 |[39m 
[36mimport[39m [33
mReact[39m[33m,[39
m { 
useState[33m,[39m 
useRef[33m,[39m 
useEffect[33m,[39m 
useCallback } 
[36mfrom[39m [32m'
react'[39m[33m;[39
m
[31m[1m>[22m[39m
[90m 2 |[39m 
[36mimport[39m { [
33mBlock[39m[33m,[
39m db } 
[36mfrom[39m [32m'
@/lib/db'[39m[33m;
[39m
 [90m   |[39m [31m
[1m^[22m[39m[31m
[1m^[22m[39m[31m[
1m^[22m[39m[31m[1
m^[22m[39m[31m[1m
^[22m[39m[31m[1m^
[22m[39m[31m[1m^
[22m[39m[31m[1m^[
22m[39m[31m[1m^[2
2m[39m[31m[1m^[22
m[39m[31m[1m^[22m
[39m[31m[1m^[22m
[39m[31m[1m^[22m[
39m[31m[1m^[22m[3
9m[31m[1m^[22m[39
m[31m[1m^[22m[39m
[31m[1m^[22m[39m
[31m[1m^[22m[39m[
31m[1m^[22m[39m[3
1m[1m^[22m[39m[31
m[1m^[22m[39m[31m
[1m^[22m[39m[31m
[1m^[22m[39m[31m[
1m^[22m[39m[31m[1
m^[22m[39m[31m[1m
^[22m[39m[31m[1m^
[22m[39m[31m[1m^
[22m[39m[31m[1m^[
22m[39m[31m[1m^[2
2m[39m[31m[1m^[22
m[39m[31m[1m^[22m
[39m[31m[1m^[22m
[39m[31m[1m^[22m[
39m[31m[1m^[22m[3
9m[31m[1m^[22m[39
m[31m[1m^[22m[39m
 [90m 3 |[39m 
[36mimport[39m { [
33mTaskToolbar[39m 
} [36mfrom[39m [32
m'./TaskToolbar'[39m
[33m;[39m
 [90m 4 |[39m 
[36mimport[39m { pa
rseTaskNaturalLanguag
e[33m,[39m [33mTas
kMetadata[39m } 
[36mfrom[39m [32m'
@/lib/smart-parser'[
39m[33m;[39m
 [90m 5 |[39m 
[36mimport[39m { 
cn } [36mfrom[39m 
[32m'@/lib/utils'[39
m[33m;[39m[0m

Import map: aliased 
to relative 
'./lib/db' inside of 
[project]/


Import traces:
  Client Component 
Browser:
    ./components/dash
board/TaskItem.tsx 
[Client Component 
Browser]
    ./components/dash
board/PaperView.tsx 
[Client Component 
Browser]
    ./components/dash
board/TaskDashboard.t
sx [Client Component 
Browser]
    ./components/dash
board/TaskDashboard.t
sx [Server Component]
    
./app/today/page.tsx 
[Server Component]

  Client Component 
SSR:
    ./components/dash
board/TaskItem.tsx 
[Client Component 
SSR]
    ./components/dash
board/PaperView.tsx 
[Client Component 
SSR]
    ./components/dash
board/TaskDashboard.t
sx [Client Component 
SSR]
    ./components/dash
board/TaskDashboard.t
sx [Server Component]
    
./app/today/page.tsx 
[Server Component]

https://nextjs.org/do
cs/messages/module-no
t-found


./components/dashboar
d/TaskToolbar.tsx:9:1
Module not found: 
Can't resolve 
'@/lib/db'
[0m [90m  7 |[39m 
[36mimport[39m { [
33mPopover[39m[33m,
[39m [33mPopoverTri
gger[39m[33m,[39m 
[33mPopoverContent[
39m } [36mfrom[39m 
[32m'@/components/ui
/popover'[39m[33m;
[39m
 [90m  8 |[39m 
[36mimport[39m { 
useLiveQuery } 
[36mfrom[39m [32m'
dexie-react-hooks'[3
9m[33m;[39m
[31m[1m>[22m[39m
[90m  9 |[39m 
[36mimport[39m { 
db } [36mfrom[39m 
[32m'@/lib/db'[39m[
33m;[39m
 [90m    |[39m [31
m[1m^[22m[39m[31m
[1m^[22m[39m[31m
[1m^[22m[39m[31m[
1m^[22m[39m[31m[1
m^[22m[39m[31m[1m
^[22m[39m[31m[1m^
[22m[39m[31m[1m^
[22m[39m[31m[1m^[
22m[39m[31m[1m^[2
2m[39m[31m[1m^[22
m[39m[31m[1m^[22m
[39m[31m[1m^[22m
[39m[31m[1m^[22m[
39m[31m[1m^[22m[3
9m[31m[1m^[22m[39
m[31m[1m^[22m[39m
[31m[1m^[22m[39m
[31m[1m^[22m[39m[
31m[1m^[22m[39m[3
1m[1m^[22m[39m[31
m[1m^[22m[39m[31m
[1m^[22m[39m[31m
[1m^[22m[39m[31m[
1m^[22m[39m[31m[1
m^[22m[39m[31m[1m
^[22m[39m[31m[1m^
[22m[39m[31m[1m^
[22m[39m[31m[1m^[
22m[39m
 [90m 10 |[39m 
[36mimport[39m { 
v4 [36mas[39m 
uuidv4 } 
[36mfrom[39m [32m'
uuid'[39m[33m;[39m
 [90m 11 |[39m
 [90m 12 |[39m 
[36minterface[39m 
[33mTaskToolbarProps
[39m {[0m

Import map: aliased 
to relative 
'./lib/db' inside of 
[project]/


Import traces:
  Client Component 
Browser:
    ./components/dash
board/TaskToolbar.tsx
 [Client Component 
Browser]
    ./components/dash
board/TaskItem.tsx 
[Client Component 
Browser]
    ./components/dash
board/PaperView.tsx 
[Client Component 
Browser]
    ./components/dash
board/TaskDashboard.t
sx [Client Component 
Browser]
    ./components/dash
board/TaskDashboard.t
sx [Server Component]
    
./app/today/page.tsx 
[Server Component]

  Client Component 
SSR:
    ./components/dash
board/TaskToolbar.tsx
 [Client Component 
SSR]
    ./components/dash
board/TaskItem.tsx 
[Client Component 
SSR]
    ./components/dash
board/PaperView.tsx 
[Client Component 
SSR]
    ./components/dash
board/TaskDashboard.t
sx [Client Component 
SSR]
    ./components/dash
board/TaskDashboard.t
sx [Server Component]
    
./app/today/page.tsx 
[Server Component]

https://nextjs.org/do
cs/messages/module-no
t-found


./components/editor/B
lockList.tsx:4:1
Module not found: 
Can't resolve 
'@/lib/db'
[0m [90m 2 |[39m
 [90m 3 |[39m 
[36mimport[39m [33
mReact[39m[33m,[39
m { 
useState[33m,[39m 
useEffect[33m,[39m 
useCallback[33m,[39
m useRef } 
[36mfrom[39m [32m'
react'[39m[33m;[39
m
[31m[1m>[22m[39m
[90m 4 |[39m 
[36mimport[39m { [
33mBlock[39m[33m,[
39m db[33m,[39m del
eteBlockRecursively[
33m,[39m [33mBlockT
ype[39m[33m,[39m 
[33mFlashcard[39m 
} [36mfrom[39m [32
m'@/lib/db'[39m[33m
;[39m
 [90m   |[39m [31m
[1m^[22m[39m[31m
[1m^[22m[39m[31m[
1m^[22m[39m[31m[1
m^[22m[39m[31m[1m
^[22m[39m[31m[1m^
[22m[39m[31m[1m^
[22m[39m[31m[1m^[
22m[39m[31m[1m^[2
2m[39m[31m[1m^[22
m[39m[31m[1m^[22m
[39m[31m[1m^[22m
[39m[31m[1m^[22m[
39m[31m[1m^[22m[3
9m[31m[1m^[22m[39
m[31m[1m^[22m[39m
[31m[1m^[22m[39m
[31m[1m^[22m[39m[
31m[1m^[22m[39m[3
1m[1m^[22m[39m[31
m[1m^[22m[39m[31m
[1m^[22m[39m[31m
[1m^[22m[39m[31m[
1m^[22m[39m[31m[1
m^[22m[39m[31m[1m
^[22m[39m[31m[1m^
[22m[39m[31m[1m^
[22m[39m[31m[1m^[
22m[39m[31m[1m^[2
2m[39m[31m[1m^[22
m[39m[31m[1m^[22m
[39m[31m[1m^[22m
[39m[31m[1m^[22m[
39m[31m[1m^[22m[3
9m[31m[1m^[22m[39
m[31m[1m^[22m[39m
[31m[1m^[22m[39m
[31m[1m^[22m[39m[
31m[1m^[22m[39m[3
1m[1m^[22m[39m[31
m[1m^[22m[39m[31m
[1m^[22m[39m[31m
[1m^[22m[39m[31m[
1m^[22m[39m[31m[1
m^[22m[39m[31m[1m
^[22m[39m[31m[1m^
[22m[39m[31m[1m^
[22m[39m[31m[1m^[
22m[39m[31m[1m^[2
2m[39m[31m[1m^[22
m[39m[31m[1m^[22m
[39m[31m[1m^[22m
[39m[31m[1m^[22m[
39m[31m[1m^[22m[3
9m[31m[1m^[22m[39
m[31m[1m^[22m[39m
[31m[1m^[22m[39m
[31m[1m^[22m[39m[
31m[1m^[22m[39m[3
1m[1m^[22m[39m[31
m[1m^[22m[39m[31m
[1m^[22m[39m[31m
[1m^[22m[39m[31m[
1m^[22m[39m[31m[1
m^[22m[39m[31m[1m
^[22m[39m[31m[1m^
[22m[39m[31m[1m^
[22m[39m[31m[1m^[
22m[39m[31m[1m^[2
2m[39m[31m[1m^[22
m[39m[31m[1m^[22m
[39m[31m[1m^[22m
[39m[31m[1m^[22m[
39m[31m[1m^[22m[3
9m[31m[1m^[22m[39
m[31m[1m^[22m[39m
[31m[1m^[22m[39m
[31m[1m^[22m[39m[
31m[1m^[22m[39m[3
1m[1m^[22m[39m
 [90m 5 |[39m 
[36mimport[39m { 
[33mTextBlock[39m 
} [36mfrom[39m [32
m'./blocks/TextBlock'
[39m[33m;[39m
 [90m 6 |[39m 
[36mimport[39m { 
[33mTaskBlock[39m 
} [36mfrom[39m [32
m'./blocks/TaskBlock'
[39m[33m;[39m
 [90m 7 |[39m 
[36mimport[39m { 
[33mImageBlock[39m 
} [36mfrom[39m [32
m'./blocks/ImageBlock
'[39m[33m;[39m[0m

Import map: aliased 
to relative 
'./lib/db' inside of 
[project]/


Import trace:
  Client Component 
Browser:
    ./components/edit
or/BlockList.tsx 
[Client Component 
Browser]
    ./app/project/[id
]/page.tsx [Client 
Component Browser]
    ./app/project/[id
]/page.tsx [Server 
Component]

https://nextjs.org/do
cs/messages/module-no
t-found


./components/editor/P
rojectHeader.tsx:4:1
Module not found: 
Can't resolve 
'@/lib/db'
[0m [90m 2 |[39m
 [90m 3 |[39m 
[36mimport[39m [33
mReact[39m[33m,[39
m { 
useState[33m,[39m 
useEffect[33m,[39m 
useRef } 
[36mfrom[39m [32m'
react'[39m[33m;[39
m
[31m[1m>[22m[39m
[90m 4 |[39m 
[36mimport[39m { 
db[33m,[39m 
[33mProject[39m } 
[36mfrom[39m [32m'
@/lib/db'[39m[33m;
[39m
 [90m   |[39m [31m
[1m^[22m[39m[31m
[1m^[22m[39m[31m[
1m^[22m[39m[31m[1
m^[22m[39m[31m[1m
^[22m[39m[31m[1m^
[22m[39m[31m[1m^
[22m[39m[31m[1m^[
22m[39m[31m[1m^[2
2m[39m[31m[1m^[22
m[39m[31m[1m^[22m
[39m[31m[1m^[22m
[39m[31m[1m^[22m[
39m[31m[1m^[22m[3
9m[31m[1m^[22m[39
m[31m[1m^[22m[39m
[31m[1m^[22m[39m
[31m[1m^[22m[39m[
31m[1m^[22m[39m[3
1m[1m^[22m[39m[31
m[1m^[22m[39m[31m
[1m^[22m[39m[31m
[1m^[22m[39m[31m[
1m^[22m[39m[31m[1
m^[22m[39m[31m[1m
^[22m[39m[31m[1m^
[22m[39m[31m[1m^
[22m[39m[31m[1m^[
22m[39m[31m[1m^[2
2m[39m[31m[1m^[22
m[39m[31m[1m^[22m
[39m[31m[1m^[22m
[39m[31m[1m^[22m[
39m[31m[1m^[22m[3
9m[31m[1m^[22m[39
m[31m[1m^[22m[39m
[31m[1m^[22m[39m
[31m[1m^[22m[39m
 [90m 5 |[39m 
[36mimport[39m { 
useLiveQuery } 
[36mfrom[39m [32m'
dexie-react-hooks'[3
9m[33m;[39m
 [90m 6 |[39m 
[36mimport[39m { [
33mChevronRight[39m
[33m,[39m 
[33mHome[39m } 
[36mfrom[39m [32m'
lucide-react'[39m[3
3m;[39m
 [90m 7 |[39m 
[36mimport[39m 
[33mLink[39m 
[36mfrom[39m [32m'
next/link'[39m[33m;
[39m[0m

Import map: aliased 
to relative 
'./lib/db' inside of 
[project]/


Import traces:
  Client Component 
Browser:
    ./components/edit
or/ProjectHeader.tsx 
[Client Component 
Browser]
    ./app/project/[id
]/page.tsx [Client 
Component Browser]
    ./app/project/[id
]/page.tsx [Server 
Component]

  Client Component 
SSR:
    ./components/edit
or/ProjectHeader.tsx 
[Client Component 
SSR]
    ./app/project/[id
]/page.tsx [Client 
Component SSR]
    ./app/project/[id
]/page.tsx [Server 
Component]

https://nextjs.org/do
cs/messages/module-no
t-found


./components/editor/b
locks/TaskBlock.tsx:2
:1
Module not found: 
Can't resolve 
'@/lib/db'
[0m [90m 1 |[39m 
[36mimport[39m [33
mReact[39m[33m,[39
m { 
useRef[33m,[39m 
useEffect[33m,[39m 
memo } 
[36mfrom[39m [32m'
react'[39m[33m;[39
m
[31m[1m>[22m[39m
[90m 2 |[39m 
[36mimport[39m { [
33mBlock[39m[33m,[
39m db } 
[36mfrom[39m [32m'
@/lib/db'[39m[33m;
[39m
 [90m   |[39m [31m
[1m^[22m[39m[31m
[1m^[22m[39m[31m[
1m^[22m[39m[31m[1
m^[22m[39m[31m[1m
^[22m[39m[31m[1m^
[22m[39m[31m[1m^
[22m[39m[31m[1m^[
22m[39m[31m[1m^[2
2m[39m[31m[1m^[22
m[39m[31m[1m^[22m
[39m[31m[1m^[22m
[39m[31m[1m^[22m[
39m[31m[1m^[22m[3
9m[31m[1m^[22m[39
m[31m[1m^[22m[39m
[31m[1m^[22m[39m
[31m[1m^[22m[39m[
31m[1m^[22m[39m[3
1m[1m^[22m[39m[31
m[1m^[22m[39m[31m
[1m^[22m[39m[31m
[1m^[22m[39m[31m[
1m^[22m[39m[31m[1
m^[22m[39m[31m[1m
^[22m[39m[31m[1m^
[22m[39m[31m[1m^
[22m[39m[31m[1m^[
22m[39m[31m[1m^[2
2m[39m[31m[1m^[22
m[39m[31m[1m^[22m
[39m[31m[1m^[22m
[39m[31m[1m^[22m[
39m[31m[1m^[22m[3
9m[31m[1m^[22m[39
m[31m[1m^[22m[39m
 [90m 3 |[39m 
[36mimport[39m { 
cn } [36mfrom[39m 
[32m'@/lib/utils'[39
m[33m;[39m
 [90m 4 |[39m 
[36mimport[39m { [
33mCheck[39m[33m,[
39m [33mGripVertical
[39m } 
[36mfrom[39m [32m'
lucide-react'[39m[3
3m;[39m
 [90m 5 |[39m[0m

Import map: aliased 
to relative 
'./lib/db' inside of 
[project]/


Import trace:
  Client Component 
Browser:
    ./components/edit
or/blocks/TaskBlock.t
sx [Client Component 
Browser]
    ./components/edit
or/BlockList.tsx 
[Client Component 
Browser]
    ./app/project/[id
]/page.tsx [Client 
Component Browser]
    ./app/project/[id
]/page.tsx [Server 
Component]

https://nextjs.org/do
cs/messages/module-no
t-found


./components/flashcar
ds/FlashcardDashboard
.tsx:5:1
Module not found: 
Can't resolve 
'@/lib/db'
[0m [90m 3 |[39m 
[36mimport[39m [33
mReact[39m[33m,[39
m { 
useState[33m,[39m 
useMemo } 
[36mfrom[39m [32m'
react'[39m[33m;[39
m
 [90m 4 |[39m 
[36mimport[39m { 
useLiveQuery } 
[36mfrom[39m [32m'
dexie-react-hooks'[3
9m[33m;[39m
[31m[1m>[22m[39m
[90m 5 |[39m 
[36mimport[39m { 
db } [36mfrom[39m 
[32m'@/lib/db'[39m[
33m;[39m
 [90m   |[39m [31m
[1m^[22m[39m[31m
[1m^[22m[39m[31m[
1m^[22m[39m[31m[1
m^[22m[39m[31m[1m
^[22m[39m[31m[1m^
[22m[39m[31m[1m^
[22m[39m[31m[1m^[
22m[39m[31m[1m^[2
2m[39m[31m[1m^[22
m[39m[31m[1m^[22m
[39m[31m[1m^[22m
[39m[31m[1m^[22m[
39m[31m[1m^[22m[3
9m[31m[1m^[22m[39
m[31m[1m^[22m[39m
[31m[1m^[22m[39m
[31m[1m^[22m[39m[
31m[1m^[22m[39m[3
1m[1m^[22m[39m[31
m[1m^[22m[39m[31m
[1m^[22m[39m[31m
[1m^[22m[39m[31m[
1m^[22m[39m[31m[1
m^[22m[39m[31m[1m
^[22m[39m[31m[1m^
[22m[39m[31m[1m^
[22m[39m[31m[1m^[
22m[39m[31m[1m^[2
2m[39m
 [90m 6 |[39m 
[36mimport[39m { 
[33mDeckCard[39m } 
[36mfrom[39m [32m'
./DeckCard'[39m[33m
;[39m
 [90m 7 |[39m 
[36mimport[39m { [
33mFolder[39m[33m,
[39m [33mBookOpen[3
9m[33m,[39m [33mLa
yers[39m[33m,[39m 
[33mArrowLeft[39m 
} [36mfrom[39m [32
m'lucide-react'[39m
[33m;[39m
 [90m 8 |[39m 
[36mimport[39m { 
cn } [36mfrom[39m 
[32m"@/lib/utils"[39
m[33m;[39m[0m

Import map: aliased 
to relative 
'./lib/db' inside of 
[project]/


Import trace:
  Server Component:
    ./components/flas
hcards/FlashcardDashb
oard.tsx
    ./app/flashcards/
page.tsx

https://nextjs.org/do
cs/messages/module-no
t-found


./components/layout/S
idebar.tsx:6:1
Module not found: 
Can't resolve 
'@/lib/db'
[0m [90m 4 |[39m 
[36mimport[39m [33
mReact[39m[33m,[39
m { useState } 
[36mfrom[39m [32m"
react"[39m[33m;[39
m
 [90m 5 |[39m 
[36mimport[39m { 
useLiveQuery } 
[36mfrom[39m [32m"
dexie-react-hooks"[3
9m[33m;[39m
[31m[1m>[22m[39m
[90m 6 |[39m 
[36mimport[39m { 
db[33m,[39m 
[33mProject[39m } 
[36mfrom[39m [32m"
@/lib/db"[39m[33m;
[39m
 [90m   |[39m [31m
[1m^[22m[39m[31m
[1m^[22m[39m[31m[
1m^[22m[39m[31m[1
m^[22m[39m[31m[1m
^[22m[39m[31m[1m^
[22m[39m[31m[1m^
[22m[39m[31m[1m^[
22m[39m[31m[1m^[2
2m[39m[31m[1m^[22
m[39m[31m[1m^[22m
[39m[31m[1m^[22m
[39m[31m[1m^[22m[
39m[31m[1m^[22m[3
9m[31m[1m^[22m[39
m[31m[1m^[22m[39m
[31m[1m^[22m[39m
[31m[1m^[22m[39m[
31m[1m^[22m[39m[3
1m[1m^[22m[39m[31
m[1m^[22m[39m[31m
[1m^[22m[39m[31m
[1m^[22m[39m[31m[
1m^[22m[39m[31m[1
m^[22m[39m[31m[1m
^[22m[39m[31m[1m^
[22m[39m[31m[1m^
[22m[39m[31m[1m^[
22m[39m[31m[1m^[2
2m[39m[31m[1m^[22
m[39m[31m[1m^[22m
[39m[31m[1m^[22m
[39m[31m[1m^[22m[
39m[31m[1m^[22m[3
9m[31m[1m^[22m[39
m[31m[1m^[22m[39m
[31m[1m^[22m[39m
[31m[1m^[22m[39m
 [90m 7 |[39m 
[36mimport[39m { 
useRouter[33m,[39m 
usePathname } 
[36mfrom[39m [32m"
next/navigation"[39m
[33m;[39m
 [90m 8 |[39m 
[36mimport[39m { 
useStore } 
[36mfrom[39m [32m"
@/lib/store"[39m[33
m;[39m
 [90m 9 |[39m 
[36mimport[39m 
{[0m

Import map: aliased 
to relative 
'./lib/db' inside of 
[project]/


Import trace:
  Client Component 
Browser:
    ./components/layo
ut/Sidebar.tsx 
[Client Component 
Browser]
    ./components/layo
ut/AppLayout.tsx 
[Client Component 
Browser]
    ./components/layo
ut/AppLayout.tsx 
[Server Component]
    ./app/layout.tsx 
[Server Component]

https://nextjs.org/do
cs/messages/module-no
t-found


./components/settings
/CalendarSettings.tsx
:6:1
Module not found: 
Can't resolve 
'@/lib/db'
[0m [90m 4 |[39m 
[36mimport[39m [33
mReact[39m[33m,[39
m { useState } 
[36mfrom[39m [32m'
react'[39m[33m;[39
m
 [90m 5 |[39m 
[36mimport[39m { 
useLiveQuery } 
[36mfrom[39m [32m'
dexie-react-hooks'[3
9m[33m;[39m
[31m[1m>[22m[39m
[90m 6 |[39m 
[36mimport[39m { 
db } [36mfrom[39m 
[32m'@/lib/db'[39m[
33m;[39m
 [90m   |[39m [31m
[1m^[22m[39m[31m
[1m^[22m[39m[31m[
1m^[22m[39m[31m[1
m^[22m[39m[31m[1m
^[22m[39m[31m[1m^
[22m[39m[31m[1m^
[22m[39m[31m[1m^[
22m[39m[31m[1m^[2
2m[39m[31m[1m^[22
m[39m[31m[1m^[22m
[39m[31m[1m^[22m
[39m[31m[1m^[22m[
39m[31m[1m^[22m[3
9m[31m[1m^[22m[39
m[31m[1m^[22m[39m
[31m[1m^[22m[39m
[31m[1m^[22m[39m[
31m[1m^[22m[39m[3
1m[1m^[22m[39m[31
m[1m^[22m[39m[31m
[1m^[22m[39m[31m
[1m^[22m[39m[31m[
1m^[22m[39m[31m[1
m^[22m[39m[31m[1m
^[22m[39m[31m[1m^
[22m[39m[31m[1m^
[22m[39m[31m[1m^[
22m[39m[31m[1m^[2
2m[39m
 [90m 7 |[39m 
[36mimport[39m { sy
ncSource[33m,[39m 
deleteSourceEvents } 
[36mfrom[39m [32m'
@/lib/import-manager'
[39m[33m;[39m
 [90m 8 |[39m 
[36mimport[39m { [
33mTrash2[39m[33m,
[39m [33mRefreshCw[
39m[33m,[39m [33mP
lus[39m[33m,[39m 
[33mCalendar[39m[33
m,[39m 
[33mEraser[39m } 
[36mfrom[39m [32m'
lucide-react'[39m[3
3m;[39m
 [90m 9 |[39m 
[36mimport[39m { 
v4 [36mas[39m 
uuidv4 } 
[36mfrom[39m [32m'
uuid'[39m[33m;[39m
[0m

Import map: aliased 
to relative 
'./lib/db' inside of 
[project]/


Import trace:
  Client Component 
Browser:
    ./components/sett
ings/CalendarSettings
.tsx [Client 
Component Browser]
    ./components/layo
ut/Sidebar.tsx 
[Client Component 
Browser]
    ./components/layo
ut/AppLayout.tsx 
[Client Component 
Browser]
    ./components/layo
ut/AppLayout.tsx 
[Server Component]
    ./app/layout.tsx 
[Server Component]

https://nextjs.org/do
cs/messages/module-no
t-found


./components/views/Bo
ardView.tsx:4:1
Module not found: 
Can't resolve 
'@/lib/db'
[0m [90m 2 |[39m
 [90m 3 |[39m 
[36mimport[39m 
[33mReact[39m 
[36mfrom[39m [32m'
react'[39m[33m;[39
m
[31m[1m>[22m[39m
[90m 4 |[39m 
[36mimport[39m { [
33mBlock[39m[33m,[
39m db } 
[36mfrom[39m [32m'
@/lib/db'[39m[33m;
[39m
 [90m   |[39m [31m
[1m^[22m[39m[31m
[1m^[22m[39m[31m[
1m^[22m[39m[31m[1
m^[22m[39m[31m[1m
^[22m[39m[31m[1m^
[22m[39m[31m[1m^
[22m[39m[31m[1m^[
22m[39m[31m[1m^[2
2m[39m[31m[1m^[22
m[39m[31m[1m^[22m
[39m[31m[1m^[22m
[39m[31m[1m^[22m[
39m[31m[1m^[22m[3
9m[31m[1m^[22m[39
m[31m[1m^[22m[39m
[31m[1m^[22m[39m
[31m[1m^[22m[39m[
31m[1m^[22m[39m[3
1m[1m^[22m[39m[31
m[1m^[22m[39m[31m
[1m^[22m[39m[31m
[1m^[22m[39m[31m[
1m^[22m[39m[31m[1
m^[22m[39m[31m[1m
^[22m[39m[31m[1m^
[22m[39m[31m[1m^
[22m[39m[31m[1m^[
22m[39m[31m[1m^[2
2m[39m[31m[1m^[22
m[39m[31m[1m^[22m
[39m[31m[1m^[22m
[39m[31m[1m^[22m[
39m[31m[1m^[22m[3
9m[31m[1m^[22m[39
m[31m[1m^[22m[39m
 [90m 5 |[39m 
[36mimport[39m { 
cn } [36mfrom[39m 
[32m'@/lib/utils'[39
m[33m;[39m
 [90m 6 |[39m 
[36mimport[39m { [
33mCheckCircle2[39m
[33m,[39m [33mCircl
e[39m[33m,[39m 
[33mClock[39m } 
[36mfrom[39m [32m'
lucide-react'[39m[3
3m;[39m
 [90m 7 |[39m 
[36mimport[39m { 
format } 
[36mfrom[39m [32m'
date-fns'[39m[33m;
[39m[0m

Import map: aliased 
to relative 
'./lib/db' inside of 
[project]/


Import traces:
  Client Component 
Browser:
    ./components/view
s/BoardView.tsx 
[Client Component 
Browser]
    ./components/dash
board/TaskDashboard.t
sx [Client Component 
Browser]
    ./components/dash
board/TaskDashboard.t
sx [Server Component]
    
./app/today/page.tsx 
[Server Component]

  Client Component 
SSR:
    ./components/view
s/BoardView.tsx 
[Client Component 
SSR]
    ./components/dash
board/TaskDashboard.t
sx [Client Component 
SSR]
    ./components/dash
board/TaskDashboard.t
sx [Server Component]
    
./app/today/page.tsx 
[Server Component]

https://nextjs.org/do
cs/messages/module-no
t-found


./components/workspac
e/RightSidebar.tsx:7:
1
Module not found: 
Can't resolve 
'@/lib/db'
[0m [90m  5 |[39m 
[36mimport[39m { [
33mX[39m[33m,[39m 
[33mCheck[39m[33m,
[39m [33mZap[39m[
33m,[39m [33mSparkl
es[39m[33m,[39m [
33mEdit2[39m[33m,[
39m [33mMapPin[39m 
} [36mfrom[39m [32
m'lucide-react'[39m
[33m;[39m
 [90m  6 |[39m 
[36mimport[39m { 
cn } [36mfrom[39m 
[32m'@/lib/utils'[39
m[33m;[39m
[31m[1m>[22m[39m
[90m  7 |[39m 
[36mimport[39m { 
db } [36mfrom[39m 
[32m'@/lib/db'[39m[
33m;[39m
 [90m    |[39m [31
m[1m^[22m[39m[31m
[1m^[22m[39m[31m
[1m^[22m[39m[31m[
1m^[22m[39m[31m[1
m^[22m[39m[31m[1m
^[22m[39m[31m[1m^
[22m[39m[31m[1m^
[22m[39m[31m[1m^[
22m[39m[31m[1m^[2
2m[39m[31m[1m^[22
m[39m[31m[1m^[22m
[39m[31m[1m^[22m
[39m[31m[1m^[22m[
39m[31m[1m^[22m[3
9m[31m[1m^[22m[39
m[31m[1m^[22m[39m
[31m[1m^[22m[39m
[31m[1m^[22m[39m[
31m[1m^[22m[39m[3
1m[1m^[22m[39m[31
m[1m^[22m[39m[31m
[1m^[22m[39m[31m
[1m^[22m[39m[31m[
1m^[22m[39m[31m[1
m^[22m[39m[31m[1m
^[22m[39m[31m[1m^
[22m[39m[31m[1m^
[22m[39m[31m[1m^[
22m[39m
 [90m  8 |[39m 
[36mimport[39m { 
v4 [36mas[39m 
uuidv4 } 
[36mfrom[39m [32m'
uuid'[39m[33m;[39m
 [90m  9 |[39m
 [90m 10 |[39m 
[36mexport[39m 
[36mfunction[39m [
33mRightSidebar[39m(
) {[0m

Import map: aliased 
to relative 
'./lib/db' inside of 
[project]/


Import traces:
  Client Component 
Browser:
    ./components/work
space/RightSidebar.ts
x [Client Component 
Browser]
    ./components/layo
ut/AppLayout.tsx 
[Client Component 
Browser]
    ./components/layo
ut/AppLayout.tsx 
[Server Component]
    ./app/layout.tsx 
[Server Component]

  Client Component 
SSR:
    ./components/work
space/RightSidebar.ts
x [Client Component 
SSR]
    ./components/layo
ut/AppLayout.tsx 
[Client Component 
SSR]
    ./components/layo
ut/AppLayout.tsx 
[Server Component]
    ./app/layout.tsx 
[Server Component]

https://nextjs.org/do
cs/messages/module-no
t-found


./lib/hooks/useLectur
eOffloader.ts:3:1
Module not found: 
Can't resolve 
'@/lib/db'
[0m [90m 1 |[39m 
[36mimport[39m { 
useEffect[33m,[39m 
useCallback } 
[36mfrom[39m [32m'
react'[39m[33m;[39
m
 [90m 2 |[39m 
[36mimport[39m { 
useLiveQuery } 
[36mfrom[39m [32m'
dexie-react-hooks'[3
9m[33m;[39m
[31m[1m>[22m[39m
[90m 3 |[39m 
[36mimport[39m { 
db[33m,[39m 
[33mBlock[39m } 
[36mfrom[39m [32m'
@/lib/db'[39m[33m;
[39m
 [90m   |[39m [31m
[1m^[22m[39m[31m
[1m^[22m[39m[31m[
1m^[22m[39m[31m[1
m^[22m[39m[31m[1m
^[22m[39m[31m[1m^
[22m[39m[31m[1m^
[22m[39m[31m[1m^[
22m[39m[31m[1m^[2
2m[39m[31m[1m^[22
m[39m[31m[1m^[22m
[39m[31m[1m^[22m
[39m[31m[1m^[22m[
39m[31m[1m^[22m[3
9m[31m[1m^[22m[39
m[31m[1m^[22m[39m
[31m[1m^[22m[39m
[31m[1m^[22m[39m[
31m[1m^[22m[39m[3
1m[1m^[22m[39m[31
m[1m^[22m[39m[31m
[1m^[22m[39m[31m
[1m^[22m[39m[31m[
1m^[22m[39m[31m[1
m^[22m[39m[31m[1m
^[22m[39m[31m[1m^
[22m[39m[31m[1m^
[22m[39m[31m[1m^[
22m[39m[31m[1m^[2
2m[39m[31m[1m^[22
m[39m[31m[1m^[22m
[39m[31m[1m^[22m
[39m[31m[1m^[22m[
39m[31m[1m^[22m[3
9m[31m[1m^[22m[39
m[31m[1m^[22m[39m
 [90m 4 |[39m 
[36mimport[39m { 
useSync } 
[36mfrom[39m [32m'
@/components/provider
s/SyncProvider'[39m
[33m;[39m
 [90m 5 |[39m 
[36mimport[39m { up
loadTextAsset[33m,[
39m authenticateGoogl
eDrive } 
[36mfrom[39m [32m'
@/lib/drive'[39m[33
m;[39m
 [90m 6 |[39m[0m

Import map: aliased 
to relative 
'./lib/db' inside of 
[project]/


Import traces:
  Client Component 
Browser:
    ./lib/hooks/useLe
ctureOffloader.ts 
[Client Component 
Browser]
    ./components/prov
iders/SyncProvider.ts
x [Client Component 
Browser]
    ./components/prov
iders/SyncProvider.ts
x [Server Component]
    ./app/layout.tsx 
[Server Component]

  Client Component 
SSR:
    ./lib/hooks/useLe
ctureOffloader.ts 
[Client Component 
SSR]
    ./components/prov
iders/SyncProvider.ts
x [Client Component 
SSR]
    ./components/prov
iders/SyncProvider.ts
x [Server Component]
    ./app/layout.tsx 
[Server Component]

https://nextjs.org/do
cs/messages/module-no
t-found


./lib/import-manager.
ts:2:1
Module not found: 
Can't resolve 
'@/lib/db'
[0m [90m 1 |[39m
[31m[1m>[22m[39m
[90m 2 |[39m 
[36mimport[39m { 
db[33m,[39m [33mBl
ock[39m[33m,[39m 
[33mBlockType[39m 
} [36mfrom[39m [32
m'@/lib/db'[39m[33m
;[39m
 [90m   |[39m [31m
[1m^[22m[39m[31m
[1m^[22m[39m[31m[
1m^[22m[39m[31m[1
m^[22m[39m[31m[1m
^[22m[39m[31m[1m^
[22m[39m[31m[1m^
[22m[39m[31m[1m^[
22m[39m[31m[1m^[2
2m[39m[31m[1m^[22
m[39m[31m[1m^[22m
[39m[31m[1m^[22m
[39m[31m[1m^[22m[
39m[31m[1m^[22m[3
9m[31m[1m^[22m[39
m[31m[1m^[22m[39m
[31m[1m^[22m[39m
[31m[1m^[22m[39m[
31m[1m^[22m[39m[3
1m[1m^[22m[39m[31
m[1m^[22m[39m[31m
[1m^[22m[39m[31m
[1m^[22m[39m[31m[
1m^[22m[39m[31m[1
m^[22m[39m[31m[1m
^[22m[39m[31m[1m^
[22m[39m[31m[1m^
[22m[39m[31m[1m^[
22m[39m[31m[1m^[2
2m[39m[31m[1m^[22
m[39m[31m[1m^[22m
[39m[31m[1m^[22m
[39m[31m[1m^[22m[
39m[31m[1m^[22m[3
9m[31m[1m^[22m[39
m[31m[1m^[22m[39m
[31m[1m^[22m[39m
[31m[1m^[22m[39m[
31m[1m^[22m[39m[3
1m[1m^[22m[39m[31
m[1m^[22m[39m[31m
[1m^[22m[39m[31m
[1m^[22m[39m[31m[
1m^[22m[39m[31m[1
m^[22m[39m[31m[1m
^[22m[39m[31m[1m^
[22m[39m
 [90m 3 |[39m 
[36mimport[39m { fe
tchCalendarValues[33
m,[39m parseCalendar
[33m,[39m categoriz
eEvent[33m,[39m [3
3mCategorizedItem[39
m } [36mfrom[39m [
32m'@/lib/calendar-se
rvice'[39m[33m;[39
m
 [90m 4 |[39m 
[36mimport[39m { 
v4 [36mas[39m 
uuidv4 } 
[36mfrom[39m [32m'
uuid'[39m[33m;[39m
 [90m 5 |[39m 
[36mimport[39m { ge
tRandomPaletteColor 
} [36mfrom[39m [32
m'@/lib/utils'[39m[
33m;[39m[0m

Import map: aliased 
to relative 
'./lib/db' inside of 
[project]/


Import trace:
  Client Component 
Browser:
    ./lib/import-mana
ger.ts [Client 
Component Browser]
    ./components/sett
ings/CalendarSettings
.tsx [Client 
Component Browser]
    ./components/layo
ut/Sidebar.tsx 
[Client Component 
Browser]
    ./components/layo
ut/AppLayout.tsx 
[Client Component 
Browser]
    ./components/layo
ut/AppLayout.tsx 
[Server Component]
    ./app/layout.tsx 
[Server Component]

https://nextjs.org/do
cs/messages/module-no
t-found


./lib/sync/convex-syn
c.ts:4:1
Module not found: 
Can't resolve 
'@/lib/db'
[0m [90m 2 |[39m 
[36mimport[39m { us
eMutation[33m,[39m 
useConvex } 
[36mfrom[39m [32m'
convex/react'[39m[3
3m;[39m
 [90m 3 |[39m 
[36mimport[39m { 
api } [36mfrom[39m 
[32m'@/convex/_gener
ated/api'[39m[33m;
[39m
[31m[1m>[22m[39m
[90m 4 |[39m 
[36mimport[39m { 
db[33m,[39m 
[33mSyncStatus[39m 
} [36mfrom[39m [32
m'@/lib/db'[39m[33m
;[39m
 [90m   |[39m [31m
[1m^[22m[39m[31m
[1m^[22m[39m[31m[
1m^[22m[39m[31m[1
m^[22m[39m[31m[1m
^[22m[39m[31m[1m^
[22m[39m[31m[1m^
[22m[39m[31m[1m^[
22m[39m[31m[1m^[2
2m[39m[31m[1m^[22
m[39m[31m[1m^[22m
[39m[31m[1m^[22m
[39m[31m[1m^[22m[
39m[31m[1m^[22m[3
9m[31m[1m^[22m[39
m[31m[1m^[22m[39m
[31m[1m^[22m[39m
[31m[1m^[22m[39m[
31m[1m^[22m[39m[3
1m[1m^[22m[39m[31
m[1m^[22m[39m[31m
[1m^[22m[39m[31m
[1m^[22m[39m[31m[
1m^[22m[39m[31m[1
m^[22m[39m[31m[1m
^[22m[39m[31m[1m^
[22m[39m[31m[1m^
[22m[39m[31m[1m^[
22m[39m[31m[1m^[2
2m[39m[31m[1m^[22
m[39m[31m[1m^[22m
[39m[31m[1m^[22m
[39m[31m[1m^[22m[
39m[31m[1m^[22m[3
9m[31m[1m^[22m[39
m[31m[1m^[22m[39m
[31m[1m^[22m[39m
[31m[1m^[22m[39m[
31m[1m^[22m[39m[3
1m[1m^[22m[39m[31
m[1m^[22m[39m
 [90m 5 |[39m 
[36mimport[39m { 
useAuth } 
[36mfrom[39m [32m'
@/components/provider
s/AuthProvider'[39m
[33m;[39m
 [90m 6 |[39m 
[36mimport[39m { 
downloadTextAsset } 
[36mfrom[39m [32m'
@/lib/drive'[39m[33
m;[39m
 [90m 7 |[39m[0m

Import map: aliased 
to relative 
'./lib/db' inside of 
[project]/


Import traces:
  Client Component 
Browser:
    ./lib/sync/convex
-sync.ts [Client 
Component Browser]
    ./components/prov
iders/SyncProvider.ts
x [Client Component 
Browser]
    ./components/prov
iders/SyncProvider.ts
x [Server Component]
    ./app/layout.tsx 
[Server Component]

  Client Component 
SSR:
    ./lib/sync/convex
-sync.ts [Client 
Component SSR]
    ./components/prov
iders/SyncProvider.ts
x [Client Component 
SSR]
    ./components/prov
iders/SyncProvider.ts
x [Server Component]
    ./app/layout.tsx 
[Server Component]

https://nextjs.org/do
cs/messages/module-no
t-found


    at <unknown> (./l
ib/sync/snapshot.ts:1
:1)
    at <unknown> (htt
ps://nextjs.org/docs/
messages/module-not-f
ound)
    at <unknown> 
(./lib/store.ts:2:1)
    at <unknown> (htt
ps://nextjs.org/docs/
messages/module-not-f
ound)
    at <unknown> (./a
pp/inbox/page.tsx:5:1
)
    at <unknown> (htt
ps://nextjs.org/docs/
messages/module-not-f
ound)
    at <unknown> (./a
pp/project/[id]/page.
tsx:8:1)
    at <unknown> (htt
ps://nextjs.org/docs/
messages/module-not-f
ound)
    at <unknown> (./c
omponents/dashboard/P
aperView.tsx:4:1)
    at <unknown> (htt
ps://nextjs.org/docs/
messages/module-not-f
ound)
    at <unknown> (./c
omponents/dashboard/T
askDashboard.tsx:5:1)
    at <unknown> (htt
ps://nextjs.org/docs/
messages/module-not-f
ound)
    at <unknown> (./c
omponents/dashboard/T
askItem.tsx:2:1)
    at <unknown> (htt
ps://nextjs.org/docs/
messages/module-not-f
ound)
    at <unknown> (./c
omponents/dashboard/T
askToolbar.tsx:9:1)
    at <unknown> (htt
ps://nextjs.org/docs/
messages/module-not-f
ound)
    at <unknown> (./c
omponents/editor/Bloc
kList.tsx:4:1)
    at <unknown> (htt
ps://nextjs.org/docs/
messages/module-not-f
ound)
    at <unknown> (./c
omponents/editor/Proj
ectHeader.tsx:4:1)
    at <unknown> (htt
ps://nextjs.org/docs/
messages/module-not-f
ound)
    at <unknown> (./c
omponents/editor/bloc
ks/TaskBlock.tsx:2:1)
    at <unknown> (htt
ps://nextjs.org/docs/
messages/module-not-f
ound)
    at <unknown> (./c
omponents/flashcards/
FlashcardDashboard.ts
x:5:1)
    at <unknown> (htt
ps://nextjs.org/docs/
messages/module-not-f
ound)
    at <unknown> (./c
omponents/layout/Side
bar.tsx:6:1)
    at <unknown> (htt
ps://nextjs.org/docs/
messages/module-not-f
ound)
    at <unknown> (./c
omponents/settings/Ca
lendarSettings.tsx:6:
1)
    at <unknown> (htt
ps://nextjs.org/docs/
messages/module-not-f
ound)
    at <unknown> (./c
omponents/views/Board
View.tsx:4:1)
    at <unknown> (htt
ps://nextjs.org/docs/
messages/module-not-f
ound)
    at <unknown> (./c
omponents/workspace/R
ightSidebar.tsx:7:1)
    at <unknown> (htt
ps://nextjs.org/docs/
messages/module-not-f
ound)
    at <unknown> (./l
ib/hooks/useLectureOf
floader.ts:3:1)
    at <unknown> (htt
ps://nextjs.org/docs/
messages/module-not-f
ound)
    at <unknown> (./l
ib/import-manager.ts:
2:1)
    at <unknown> (htt
ps://nextjs.org/docs/
messages/module-not-f
ound)
    at <unknown> (./l
ib/sync/convex-sync.t
s:4:1)
    at <unknown> (htt
ps://nextjs.org/docs/
messages/module-not-f
ound)
