
> jivvy-clean@0.1.0 build
> next build

Γû▓ Next.js 16.1.1 (Turbopack)
- Environments: .env.local
- Experiments (use with caution):
  ┬╖ serverActions

  Creating an optimized production build ...
Γ£ô Compiled successfully in 5.7s
  Running TypeScript ...
node.exe : Failed to 
compile.
At line:1 char:1
+ & "C:\nvm4w\nodejs/
node.exe" "C:\nvm4w\n
odejs/node_modules/np
m/bin/np ...
+ ~~~~~~~~~~~~~~~~~~~
~~~~~~~~~~~~~~~~~~~~~
~~~~~~~~~~~~~~~~~~~~~
~~~~~~~~
    + CategoryInfo   
           : NotSpe  
  cified: (Failed    
 to compile.:Stri    
ng) [], RemoteEx    
ception
    + FullyQualified 
   ErrorId : Native  
  CommandError
 

./lib/sync/convex-syn
c.ts:4:14
Type error: Module 
'"@/lib/db"' has no 
exported member 
'SyncStatus'.

[0m [90m 2 |[39m 
[36mimport[39m { us
eMutation[33m,[39m 
useConvex } 
[36mfrom[39m [32m'
convex/react'[39m[3
3m;[39m
 [90m 3 |[39m 
[36mimport[39m { 
api } [36mfrom[39m 
[32m'@/convex/_gener
ated/api'[39m[33m;
[39m
[31m[1m>[22m[39m
[90m 4 |[39m 
[36mimport[39m { 
db[33m,[39m 
[33mSyncStatus[39m 
} [36mfrom[39m [32
m'@/lib/db'[39m[33m
;[39m
 [90m   |[39m      
        
[31m[1m^[22m[39m
 [90m 5 |[39m 
[36mimport[39m { 
useAuth } 
[36mfrom[39m [32m'
@/components/provider
s/AuthProvider'[39m
[33m;[39m
 [90m 6 |[39m 
[36mimport[39m { 
downloadTextAsset } 
[36mfrom[39m [32m'
@/lib/drive'[39m[33
m;[39m
 [90m 7 |[39m[0m
Next.js build worker 
exited with code: 1 
and signal: null
